../Core/Src/main.c:83:5:main	32	static
../Core/Src/main.c:143:6:SystemClock_Config	88	static
../Core/Src/main.c:190:13:MX_I2C1_Init	8	static
../Core/Src/main.c:224:13:MX_USART2_UART_Init	8	static
../Core/Src/main.c:257:13:MX_GPIO_Init	48	static
../Core/Src/main.c:296:6:HAL_GPIO_EXTI_Callback	16	static,ignoring_inline_asm
../Core/Src/main.c:312:6:writeSSD1306Commands	72	dynamic
../Core/Src/main.c:323:6:writeSSD1306Data	72	dynamic
../Core/Src/main.c:334:6:initializeSSD1306	48	static
../Core/Src/main.c:355:6:eraseSSD1306Data	160	static
../Core/Src/main.c:372:6:fillSSD1306Data	160	static
../Core/Src/main.c:389:6:testSSD1306	24	static
../Core/Src/main.c:398:6:drawMessage	288	dynamic
../Core/Src/main.c:702:6:Error_Handler	4	static,ignoring_inline_asm
